SET client_min_messages = warning;
CREATE EXTENSION IF NOT EXISTS numbers;
RESET client_min_messages;
